/opt/buildtools/Python-3.11.4/lib/python3.11/site-packages/torch_npu/utils/_path_manager.py:66: UserWarning: Permission mismatch: The owner of /opt/buildtools/Python-3.11.4/lib/python3.11/site-packages/torch_npu/lib/libop_plugin_atb.so does not match.
  warnings.warn(f"Permission mismatch: The owner of {path} does not match.")
==============================================================================
v5: conditional DeepSets (perturbation-aware re-synthesis)
==============================================================================
[stage1] analytic: 280 samples
[stage1] failure: 58 samples
[stage1] saved: /mnt/workspace/gitCode/cann/tiaozhansai/project/outputs/teacher_labels_v5.npz (338 samples: 187 train / 67 val / 84 test)
[stage2] train: 159 ideal + 28 failure -> 243 balanced (failure 3x oversampled)
[stage2] v4 transfer learning from /mnt/workspace/gitCode/cann/tiaozhansai/project/outputs/deepsets_model_v4_256.pt
  [transfer] phi.0.weight: torch.Size([256, 9]) -> torch.Size([256, 10]) (mask col=0)
  [transfer] copied 14/14 tensors from v4
[stage2] params=463,362; val=67; lr=3.0e-04 (v4 fine-tune)
  ep  1: loss=37.972906 val=20.545767 ideal_deg=+3.21dB (17s)
  ep 10: loss=0.122593 val=0.194471 ideal_deg=+0.39dB (130s)
  ep 20: loss=0.216622 val=1.482215 ideal_deg=+1.93dB (254s)
  ep 30: loss=0.037079 val=0.053525 ideal_deg=+0.38dB (377s)
  ep 40: loss=0.027098 val=0.037072 ideal_deg=+0.34dB (500s)
  ep 50: loss=0.039164 val=0.143495 ideal_deg=+0.28dB (626s)
  ep 60: loss=0.020564 val=0.028946 ideal_deg=+0.32dB (750s)
  ep 70: loss=0.018703 val=0.025895 ideal_deg=+0.32dB (875s)
  ep 80: loss=0.017950 val=0.023823 ideal_deg=+0.33dB (999s)
  ep 90: loss=0.016175 val=0.022417 ideal_deg=+0.35dB (1123s)
  ep100: loss=0.020613 val=0.025002 ideal_deg=+0.37dB (1247s)
  ep110: loss=0.014758 val=0.019801 ideal_deg=+0.38dB (1371s)
  ep120: loss=0.014193 val=0.019196 ideal_deg=+0.39dB (1494s)
  ep130: loss=0.013826 val=0.018693 ideal_deg=+0.40dB (1618s)
  ep140: loss=0.013293 val=0.018536 ideal_deg=+0.40dB (1742s)
  ep150: loss=0.016928 val=0.052392 ideal_deg=+0.43dB (1868s)
  ep160: loss=0.012912 val=0.016972 ideal_deg=+0.42dB (1993s)
  ep170: loss=0.012550 val=0.016738 ideal_deg=+0.42dB (2118s)
  ep180: loss=0.012382 val=0.016445 ideal_deg=+0.42dB (2244s)
  ep190: loss=0.012180 val=0.016140 ideal_deg=+0.42dB (2369s)
  ep200: loss=0.012133 val=0.015830 ideal_deg=+0.42dB (2495s)
  ep210: loss=0.011797 val=0.015618 ideal_deg=+0.42dB (2620s)
  ep220: loss=0.011789 val=0.015505 ideal_deg=+0.42dB (2746s)
  ep230: loss=0.011389 val=0.015177 ideal_deg=+0.42dB (2873s)
  ep240: loss=0.011349 val=0.014987 ideal_deg=+0.42dB (2998s)
  ep250: loss=0.011201 val=0.014846 ideal_deg=+0.42dB (3124s)
  ep260: loss=0.011143 val=0.014703 ideal_deg=+0.42dB (3250s)
  ep270: loss=0.011074 val=0.014745 ideal_deg=+0.42dB (3376s)
  ep280: loss=0.011008 val=0.014836 ideal_deg=+0.42dB (3503s)
  ep290: loss=0.010827 val=0.014343 ideal_deg=+0.42dB (3630s)
  ep300: loss=0.010748 val=0.014236 ideal_deg=+0.42dB (3756s)
[stage2] saved: /mnt/workspace/gitCode/cann/tiaozhansai/project/outputs/deepsets_model_v5_256.pt (best val 0.014219, ideal_deg=+0.42dB)
  fail05 regular_000: A0=-30.58 AI=-30.58 (+0.00)
  fail05 regular_028: A0=-30.58 AI=-30.61 (-0.03)
  fail05 regular_072: A0=-30.59 AI=-30.60 (-0.01)
  fail05 random_000: A0=-30.48 AI=-30.48 (-0.00)
  fail10 regular_000: A0=-28.12 AI=-28.12 (+0.00)
  fail10 regular_028: A0=-28.12 AI=-28.12 (+0.00)
  fail10 regular_072: A0=-28.08 AI=-28.10 (-0.02)
  fail10 random_000: A0=-28.05 AI=-28.01 (+0.03)
  fail20 regular_000: A0=-23.37 AI=-23.37 (+0.00)
  fail20 regular_028: A0=-23.38 AI=-23.37 (+0.01)
  fail20 regular_072: A0=-23.37 AI=-23.38 (-0.01)
  fail20 random_000: A0=-23.32 AI=-23.33 (-0.00)
  planar ideal worst degradation: +0.42 dB
[stage3] saved: /mnt/workspace/gitCode/cann/tiaozhansai/project/outputs/conditional_v5.json
==============================================================================
